2026-06-16 21:15:04,522 INFO sqlalchemy.engine.Engine ROLLBACK
